
<interactive>:19:1: warning: Unrecognised pragma
